python : Python 
発生場所 行:1 文字:26
+ ... TH=".;src"; python -m pytest tests/test_alignment_ex
port.py > test_lo ...
+                 ~~~~~~~~~~~~~~~~~~~~~~~~~~~~~~~~~~~~~~~~
~~~~~~~~~~~~~~~~~
    + CategoryInfo          : NotSpecified: (Python :Stri 
   ng) [], RemoteException
    + FullyQualifiedErrorId : NativeCommandError
 
